Error!
5 is out of bounds.  There are only 4 items in this list.
