cat
elephant
lion
lizard
item 0 is cat
item 3 is lizard
